[1002/122419.591:ERROR:gpu_init.cc(426)] Passthrough is not supported, GL is disabled
[1002/123357.755:WARNING:angle_platform_impl.cc(48)] HLSLCompiler.cpp:257 (compileToBinary): 
C:\fakepath(102,1-6): warning X4000: use of potentially uninitialized variable (dyn_index_vec4_float4)

[1002/123357.828:WARNING:angle_platform_impl.cc(48)] HLSLCompiler.cpp:257 (compileToBinary): 
C:\fakepath(135,1): warning X4000: use of potentially uninitialized variable (f_i)
C:\fakepath(137,1): warning X4000: use of potentially uninitialized variable (f_i)
C:\fakepath(173,1): warning X4000: use of potentially uninitialized variable (f_u)

[1002/123358.158:WARNING:angle_platform_impl.cc(48)] HLSLCompiler.cpp:257 (compileToBinary): 
C:\fakepath(165,1): warning X4000: use of potentially uninitialized variable (f_renderMipMapLevel)

[1002/123414.832:WARNING:angle_platform_impl.cc(48)] HLSLCompiler.cpp:257 (compileToBinary): 
C:\fakepath(102,1-6): warning X4000: use of potentially uninitialized variable (dyn_index_vec4_float4)

[1002/123414.912:WARNING:angle_platform_impl.cc(48)] HLSLCompiler.cpp:257 (compileToBinary): 
C:\fakepath(135,1): warning X4000: use of potentially uninitialized variable (f_i)
C:\fakepath(137,1): warning X4000: use of potentially uninitialized variable (f_i)
C:\fakepath(173,1): warning X4000: use of potentially uninitialized variable (f_u)

[1002/123435.994:WARNING:angle_platform_impl.cc(48)] HLSLCompiler.cpp:257 (compileToBinary): 
C:\fakepath(102,1-6): warning X4000: use of potentially uninitialized variable (dyn_index_vec4_float4)

[1002/123436.079:WARNING:angle_platform_impl.cc(48)] HLSLCompiler.cpp:257 (compileToBinary): 
C:\fakepath(135,1): warning X4000: use of potentially uninitialized variable (f_i)
C:\fakepath(137,1): warning X4000: use of potentially uninitialized variable (f_i)
C:\fakepath(173,1): warning X4000: use of potentially uninitialized variable (f_u)

[1002/123436.220:WARNING:angle_platform_impl.cc(48)] HLSLCompiler.cpp:257 (compileToBinary): 
C:\fakepath(165,1): warning X4000: use of potentially uninitialized variable (f_renderMipMapLevel)

[1002/123436.401:ERROR:gl_utils.cc(314)] [.WebGL-0000077D6A7E2080] GL_INVALID_OPERATION: Two textures of different types use the same sampler location.
[1002/123436.401:ERROR:gl_utils.cc(314)] [.WebGL-0000077D6A7E2080] GL_INVALID_OPERATION: Two textures of different types use the same sampler location.
[1002/123436.401:ERROR:gl_utils.cc(314)] [.WebGL-0000077D6A7E2080] GL_INVALID_OPERATION: Two textures of different types use the same sampler location.
[1002/123436.401:ERROR:gl_utils.cc(314)] [.WebGL-0000077D6A7E2080] GL_INVALID_OPERATION: Two textures of different types use the same sampler location.
[1002/123436.401:ERROR:gl_utils.cc(314)] [.WebGL-0000077D6A7E2080] GL_INVALID_OPERATION: Two textures of different types use the same sampler location.
[1002/123436.401:ERROR:gl_utils.cc(314)] [.WebGL-0000077D6A7E2080] GL_INVALID_OPERATION: Two textures of different types use the same sampler location.
[1002/123436.413:ERROR:gl_utils.cc(314)] [.WebGL-0000077D6A7E2080] GL_INVALID_OPERATION: Two textures of different types use the same sampler location.
[1002/123436.413:ERROR:gl_utils.cc(314)] [.WebGL-0000077D6A7E2080] GL_INVALID_OPERATION: Two textures of different types use the same sampler location.
[1002/123436.413:ERROR:gl_utils.cc(314)] [.WebGL-0000077D6A7E2080] GL_INVALID_OPERATION: Two textures of different types use the same sampler location.
[1002/123436.413:ERROR:gl_utils.cc(314)] [.WebGL-0000077D6A7E2080] GL_INVALID_OPERATION: Two textures of different types use the same sampler location.
[1002/123436.413:ERROR:gl_utils.cc(314)] [.WebGL-0000077D6A7E2080] GL_INVALID_OPERATION: Two textures of different types use the same sampler location.
[1002/123436.413:ERROR:gl_utils.cc(314)] [.WebGL-0000077D6A7E2080] GL_INVALID_OPERATION: Two textures of different types use the same sampler location.
[1002/123454.426:WARNING:angle_platform_impl.cc(48)] HLSLCompiler.cpp:257 (compileToBinary): 
C:\fakepath(135,1): warning X4000: use of potentially uninitialized variable (f_i)
C:\fakepath(137,1): warning X4000: use of potentially uninitialized variable (f_i)
C:\fakepath(173,1): warning X4000: use of potentially uninitialized variable (f_u)

[1002/123454.828:WARNING:angle_platform_impl.cc(48)] HLSLCompiler.cpp:257 (compileToBinary): 
C:\fakepath(165,1): warning X4000: use of potentially uninitialized variable (f_renderMipMapLevel)

[1002/123519.936:WARNING:angle_platform_impl.cc(48)] HLSLCompiler.cpp:257 (compileToBinary): 
C:\fakepath(102,1-6): warning X4000: use of potentially uninitialized variable (dyn_index_vec4_float4)

[1002/123520.258:WARNING:angle_platform_impl.cc(48)] HLSLCompiler.cpp:257 (compileToBinary): 
C:\fakepath(165,1): warning X4000: use of potentially uninitialized variable (f_renderMipMapLevel)

